Archive member included to satisfy reference by file (symbol)

d:/stm32cubeide_1.6.1/stm32cubeide/plugins/com.st.stm32cube.ide.mcu.externaltools.gnu-tools-for-stm32.9-2020-q2-update.win32_2.0.0.202105311346/tools/bin/../lib/gcc/arm-none-eabi/9.3.1/../../../../arm-none-eabi/lib/thumb/v7e-m+fp/hard\libc_nano.a(lib_a-errno.o)
                              ./Core/Src/syscalls.o (__errno)
d:/stm32cubeide_1.6.1/stm32cubeide/plugins/com.st.stm32cube.ide.mcu.externaltools.gnu-tools-for-stm32.9-2020-q2-update.win32_2.0.0.202105311346/tools/bin/../lib/gcc/arm-none-eabi/9.3.1/../../../../arm-none-eabi/lib/thumb/v7e-m+fp/hard\libc_nano.a(lib_a-exit.o)
                              d:/stm32cubeide_1.6.1/stm32cubeide/plugins/com.st.stm32cube.ide.mcu.externaltools.gnu-tools-for-stm32.9-2020-q2-update.win32_2.0.0.202105311346/tools/bin/../lib/gcc/arm-none-eabi/9.3.1/../../../../arm-none-eabi/lib/thumb/v7e-m+fp/hard/crt0.o (exit)
d:/stm32cubeide_1.6.1/stm32cubeide/plugins/com.st.stm32cube.ide.mcu.externaltools.gnu-tools-for-stm32.9-2020-q2-update.win32_2.0.0.202105311346/tools/bin/../lib/gcc/arm-none-eabi/9.3.1/../../../../arm-none-eabi/lib/thumb/v7e-m+fp/hard\libc_nano.a(lib_a-impure.o)
                              d:/stm32cubeide_1.6.1/stm32cubeide/plugins/com.st.stm32cube.ide.mcu.externaltools.gnu-tools-for-stm32.9-2020-q2-update.win32_2.0.0.202105311346/tools/bin/../lib/gcc/arm-none-eabi/9.3.1/../../../../arm-none-eabi/lib/thumb/v7e-m+fp/hard\libc_nano.a(lib_a-exit.o) (_global_impure_ptr)
d:/stm32cubeide_1.6.1/stm32cubeide/plugins/com.st.stm32cube.ide.mcu.externaltools.gnu-tools-for-stm32.9-2020-q2-update.win32_2.0.0.202105311346/tools/bin/../lib/gcc/arm-none-eabi/9.3.1/../../../../arm-none-eabi/lib/thumb/v7e-m+fp/hard\libc_nano.a(lib_a-init.o)
                              d:/stm32cubeide_1.6.1/stm32cubeide/plugins/com.st.stm32cube.ide.mcu.externaltools.gnu-tools-for-stm32.9-2020-q2-update.win32_2.0.0.202105311346/tools/bin/../lib/gcc/arm-none-eabi/9.3.1/../../../../arm-none-eabi/lib/thumb/v7e-m+fp/hard/crt0.o (__libc_init_array)
d:/stm32cubeide_1.6.1/stm32cubeide/plugins/com.st.stm32cube.ide.mcu.externaltools.gnu-tools-for-stm32.9-2020-q2-update.win32_2.0.0.202105311346/tools/bin/../lib/gcc/arm-none-eabi/9.3.1/../../../../arm-none-eabi/lib/thumb/v7e-m+fp/hard\libc_nano.a(lib_a-memset.o)
                              d:/stm32cubeide_1.6.1/stm32cubeide/plugins/com.st.stm32cube.ide.mcu.externaltools.gnu-tools-for-stm32.9-2020-q2-update.win32_2.0.0.202105311346/tools/bin/../lib/gcc/arm-none-eabi/9.3.1/../../../../arm-none-eabi/lib/thumb/v7e-m+fp/hard/crt0.o (memset)
d:/stm32cubeide_1.6.1/stm32cubeide/plugins/com.st.stm32cube.ide.mcu.externaltools.gnu-tools-for-stm32.9-2020-q2-update.win32_2.0.0.202105311346/tools/bin/../lib/gcc/arm-none-eabi/9.3.1/thumb/v7e-m+fp/hard\libgcc.a(_aeabi_uldivmod.o)
                              ./Drivers/STM32F4xx_HAL_Driver/Src/stm32f4xx_hal_rcc.o (__aeabi_uldivmod)
d:/stm32cubeide_1.6.1/stm32cubeide/plugins/com.st.stm32cube.ide.mcu.externaltools.gnu-tools-for-stm32.9-2020-q2-update.win32_2.0.0.202105311346/tools/bin/../lib/gcc/arm-none-eabi/9.3.1/thumb/v7e-m+fp/hard\libgcc.a(_udivmoddi4.o)
                              d:/stm32cubeide_1.6.1/stm32cubeide/plugins/com.st.stm32cube.ide.mcu.externaltools.gnu-tools-for-stm32.9-2020-q2-update.win32_2.0.0.202105311346/tools/bin/../lib/gcc/arm-none-eabi/9.3.1/thumb/v7e-m+fp/hard\libgcc.a(_aeabi_uldivmod.o) (__udivmoddi4)
d:/stm32cubeide_1.6.1/stm32cubeide/plugins/com.st.stm32cube.ide.mcu.externaltools.gnu-tools-for-stm32.9-2020-q2-update.win32_2.0.0.202105311346/tools/bin/../lib/gcc/arm-none-eabi/9.3.1/thumb/v7e-m+fp/hard\libgcc.a(_dvmd_tls.o)
                              d:/stm32cubeide_1.6.1/stm32cubeide/plugins/com.st.stm32cube.ide.mcu.externaltools.gnu-tools-for-stm32.9-2020-q2-update.win32_2.0.0.202105311346/tools/bin/../lib/gcc/arm-none-eabi/9.3.1/thumb/v7e-m+fp/hard\libgcc.a(_aeabi_uldivmod.o) (__aeabi_ldiv0)

Allocating common symbols
Common symbol       size              file

uwTick              0x4               ./Drivers/STM32F4xx_HAL_Driver/Src/stm32f4xx_hal.o
pFlash              0x20              ./Drivers/STM32F4xx_HAL_Driver/Src/stm32f4xx_hal_flash.o
data                0x4               ./Core/Src/main.o

Discarded input sections

 .text          0x0000000000000000        0x0 d:/stm32cubeide_1.6.1/stm32cubeide/plugins/com.st.stm32cube.ide.mcu.externaltools.gnu-tools-for-stm32.9-2020-q2-update.win32_2.0.0.202105311346/tools/bin/../lib/gcc/arm-none-eabi/9.3.1/thumb/v7e-m+fp/hard/crti.o
 .data          0x0000000000000000        0x0 d:/stm32cubeide_1.6.1/stm32cubeide/plugins/com.st.stm32cube.ide.mcu.externaltools.gnu-tools-for-stm32.9-2020-q2-update.win32_2.0.0.202105311346/tools/bin/../lib/gcc/arm-none-eabi/9.3.1/thumb/v7e-m+fp/hard/crti.o
[...]
Memory Configuration

Name             Origin             Length             Attributes
CCMRAM           0x0000000010000000 0x0000000000010000 xrw
RAM              0x0000000020000000 0x0000000000020000 xrw
FLASH            0x0000000008000000 0x0000000000100000 xr
*default*        0x0000000000000000 0xffffffffffffffff

Linker script and memory map

LOAD d:/stm32cubeide_1.6.1/stm32cubeide/plugins/com.st.stm32cube.ide.mcu.externaltools.gnu-tools-for-stm32.9-2020-q2-update.win32_2.0.0.202105311346/tools/bin/../lib/gcc/arm-none-eabi/9.3.1/thumb/v7e-m+fp/hard/crti.o
LOAD d:/stm32cubeide_1.6.1/stm32cubeide/plugins/com.st.stm32cube.ide.mcu.externaltools.gnu-tools-for-stm32.9-2020-q2-update.win32_2.0.0.202105311346/tools/bin/../lib/gcc/arm-none-eabi/9.3.1/thumb/v7e-m+fp/hard/crtbegin.o
LOAD d:/stm32cubeide_1.6.1/stm32cubeide/plugins/com.st.stm32cube.ide.mcu.externaltools.gnu-tools-for-stm32.9-2020-q2-update.win32_2.0.0.202105311346/tools/bin/../lib/gcc/arm-none-eabi/9.3.1/../../../../arm-none-eabi/lib/thumb/v7e-m+fp/hard/crt0.o
LOAD ./Core/Src/main.o
LOAD ./Core/Src/stm32f4xx_hal_msp.o
LOAD ./Core/Src/stm32f4xx_it.o
LOAD ./Core/Src/syscalls.o
LOAD ./Core/Src/sysmem.o
LOAD ./Core/Src/system_stm32f4xx.o
LOAD ./Core/Startup/startup_stm32f407vgtx.o
LOAD ./Drivers/STM32F4xx_HAL_Driver/Src/stm32f4xx_hal.o
LOAD ./Drivers/STM32F4xx_HAL_Driver/Src/stm32f4xx_hal_cortex.o
LOAD ./Drivers/STM32F4xx_HAL_Driver/Src/stm32f4xx_hal_dma.o
LOAD ./Drivers/STM32F4xx_HAL_Driver/Src/stm32f4xx_hal_dma_ex.o
LOAD ./Drivers/STM32F4xx_HAL_Driver/Src/stm32f4xx_hal_exti.o
LOAD ./Drivers/STM32F4xx_HAL_Driver/Src/stm32f4xx_hal_flash.o
LOAD ./Drivers/STM32F4xx_HAL_Driver/Src/stm32f4xx_hal_flash_ex.o
LOAD ./Drivers/STM32F4xx_HAL_Driver/Src/stm32f4xx_hal_flash_ramfunc.o
LOAD ./Drivers/STM32F4xx_HAL_Driver/Src/stm32f4xx_hal_gpio.o
LOAD ./Drivers/STM32F4xx_HAL_Driver/Src/stm32f4xx_hal_pwr.o
LOAD ./Drivers/STM32F4xx_HAL_Driver/Src/stm32f4xx_hal_pwr_ex.o
LOAD ./Drivers/STM32F4xx_HAL_Driver/Src/stm32f4xx_hal_rcc.o
LOAD ./Drivers/STM32F4xx_HAL_Driver/Src/stm32f4xx_hal_rcc_ex.o
LOAD ./Drivers/STM32F4xx_HAL_Driver/Src/stm32f4xx_hal_tim.o
LOAD ./Drivers/STM32F4xx_HAL_Driver/Src/stm32f4xx_hal_tim_ex.o
START GROUP
LOAD d:/stm32cubeide_1.6.1/stm32cubeide/plugins/com.st.stm32cube.ide.mcu.externaltools.gnu-tools-for-stm32.9-2020-q2-update.win32_2.0.0.202105311346/tools/bin/../lib/gcc/arm-none-eabi/9.3.1/../../../../arm-none-eabi/lib/thumb/v7e-m+fp/hard\libc_nano.a
LOAD d:/stm32cubeide_1.6.1/stm32cubeide/plugins/com.st.stm32cube.ide.mcu.externaltools.gnu-tools-for-stm32.9-2020-q2-update.win32_2.0.0.202105311346/tools/bin/../lib/gcc/arm-none-eabi/9.3.1/../../../../arm-none-eabi/lib/thumb/v7e-m+fp/hard\libm.a
END GROUP
START GROUP
LOAD d:/stm32cubeide_1.6.1/stm32cubeide/plugins/com.st.stm32cube.ide.mcu.externaltools.gnu-tools-for-stm32.9-2020-q2-update.win32_2.0.0.202105311346/tools/bin/../lib/gcc/arm-none-eabi/9.3.1/thumb/v7e-m+fp/hard\libgcc.a
LOAD d:/stm32cubeide_1.6.1/stm32cubeide/plugins/com.st.stm32cube.ide.mcu.externaltools.gnu-tools-for-stm32.9-2020-q2-update.win32_2.0.0.202105311346/tools/bin/../lib/gcc/arm-none-eabi/9.3.1/../../../../arm-none-eabi/lib/thumb/v7e-m+fp/hard\libc_nano.a
END GROUP
START GROUP
LOAD d:/stm32cubeide_1.6.1/stm32cubeide/plugins/com.st.stm32cube.ide.mcu.externaltools.gnu-tools-for-stm32.9-2020-q2-update.win32_2.0.0.202105311346/tools/bin/../lib/gcc/arm-none-eabi/9.3.1/thumb/v7e-m+fp/hard\libgcc.a
LOAD d:/stm32cubeide_1.6.1/stm32cubeide/plugins/com.st.stm32cube.ide.mcu.externaltools.gnu-tools-for-stm32.9-2020-q2-update.win32_2.0.0.202105311346/tools/bin/../lib/gcc/arm-none-eabi/9.3.1/../../../../arm-none-eabi/lib/thumb/v7e-m+fp/hard\libc_nano.a
LOAD d:/stm32cubeide_1.6.1/stm32cubeide/plugins/com.st.stm32cube.ide.mcu.externaltools.gnu-tools-for-stm32.9-2020-q2-update.win32_2.0.0.202105311346/tools/bin/../lib/gcc/arm-none-eabi/9.3.1/../../../../arm-none-eabi/lib/thumb/v7e-m+fp/hard\libnosys.a
END GROUP
START GROUP
LOAD d:/stm32cubeide_1.6.1/stm32cubeide/plugins/com.st.stm32cube.ide.mcu.externaltools.gnu-tools-for-stm32.9-2020-q2-update.win32_2.0.0.202105311346/tools/bin/../lib/gcc/arm-none-eabi/9.3.1/thumb/v7e-m+fp/hard\libgcc.a
LOAD d:/stm32cubeide_1.6.1/stm32cubeide/plugins/com.st.stm32cube.ide.mcu.externaltools.gnu-tools-for-stm32.9-2020-q2-update.win32_2.0.0.202105311346/tools/bin/../lib/gcc/arm-none-eabi/9.3.1/../../../../arm-none-eabi/lib/thumb/v7e-m+fp/hard\libc_nano.a
LOAD d:/stm32cubeide_1.6.1/stm32cubeide/plugins/com.st.stm32cube.ide.mcu.externaltools.gnu-tools-for-stm32.9-2020-q2-update.win32_2.0.0.202105311346/tools/bin/../lib/gcc/arm-none-eabi/9.3.1/../../../../arm-none-eabi/lib/thumb/v7e-m+fp/hard\libnosys.a
END GROUP
LOAD d:/stm32cubeide_1.6.1/stm32cubeide/plugins/com.st.stm32cube.ide.mcu.externaltools.gnu-tools-for-stm32.9-2020-q2-update.win32_2.0.0.202105311346/tools/bin/../lib/gcc/arm-none-eabi/9.3.1/thumb/v7e-m+fp/hard/crtend.o
LOAD d:/stm32cubeide_1.6.1/stm32cubeide/plugins/com.st.stm32cube.ide.mcu.externaltools.gnu-tools-for-stm32.9-2020-q2-update.win32_2.0.0.202105311346/tools/bin/../lib/gcc/arm-none-eabi/9.3.1/thumb/v7e-m+fp/hard/crtn.o
                0x0000000020020000                _estack = (ORIGIN (RAM) + LENGTH (RAM))
                0x0000000000000200                _Min_Heap_Size = 0x200
                0x0000000000000400                _Min_Stack_Size = 0x400

.isr_vector     0x0000000008000000      0x188
                0x0000000008000000                . = ALIGN (0x4)
 *(.isr_vector)
 .isr_vector    0x0000000008000000      0x188 ./Core/Startup/startup_stm32f407vgtx.o
                0x0000000008000000                g_pfnVectors
                0x0000000008000188                . = ALIGN (0x4)

.text           0x0000000008000188     0x14d8
                0x0000000008000188                . = ALIGN (0x4)
 *(.text)
 .text          0x0000000008000188       0x40 d:/stm32cubeide_1.6.1/stm32cubeide/plugins/com.st.stm32cube.ide.mcu.externaltools.gnu-tools-for-stm32.9-2020-q2-update.win32_2.0.0.202105311346/tools/bin/../lib/gcc/arm-none-eabi/9.3.1/thumb/v7e-m+fp/hard/crtbegin.o
 .text          0x00000000080001c8       0x30 d:/stm32cubeide_1.6.1/stm32cubeide/plugins/com.st.stm32cube.ide.mcu.externaltools.gnu-tools-for-stm32.9-2020-q2-update.win32_2.0.0.202105311346/tools/bin/../lib/gcc/arm-none-eabi/9.3.1/thumb/v7e-m+fp/hard\libgcc.a(_aeabi_uldivmod.o)
                0x00000000080001c8                __aeabi_uldivmod
 .text          0x00000000080001f8      0x2c4 d:/stm32cubeide_1.6.1/stm32cubeide/plugins/com.st.stm32cube.ide.mcu.externaltools.gnu-tools-for-stm32.9-2020-q2-update.win32_2.0.0.202105311346/tools/bin/../lib/gcc/arm-none-eabi/9.3.1/thumb/v7e-m+fp/hard\libgcc.a(_udivmoddi4.o)
                0x00000000080001f8                __udivmoddi4
 .text          0x00000000080004bc        0x4 d:/stm32cubeide_1.6.1/stm32cubeide/plugins/com.st.stm32cube.ide.mcu.externaltools.gnu-tools-for-stm32.9-2020-q2-update.win32_2.0.0.202105311346/tools/bin/../lib/gcc/arm-none-eabi/9.3.1/thumb/v7e-m+fp/hard\libgcc.a(_dvmd_tls.o)
                0x00000000080004bc                __aeabi_idiv0
                0x00000000080004bc                __aeabi_ldiv0
 *(.text*)
 .text.FLASH_Write
                0x00000000080004c0       0x32 ./Core/Src/main.o
                0x00000000080004c0                FLASH_Write
 .text.FLASH_Read
                0x00000000080004f2       0x1a ./Core/Src/main.o
                0x00000000080004f2                FLASH_Read
 .text.main     0x000000000800050c       0x2c ./Core/Src/main.o
                0x000000000800050c                main
 .text.SystemClock_Config
                0x0000000008000538       0xbc ./Core/Src/main.o
                0x0000000008000538                SystemClock_Config
 .text.Error_Handler
                0x00000000080005f4        0xa ./Core/Src/main.o
                0x00000000080005f4                Error_Handler
 *fill*         0x00000000080005fe        0x2 
 .text.HAL_MspInit
                0x0000000008000600       0x50 ./Core/Src/stm32f4xx_hal_msp.o
                0x0000000008000600                HAL_MspInit
 .text.NMI_Handler
                0x0000000008000650        0x6 ./Core/Src/stm32f4xx_it.o
                0x0000000008000650                NMI_Handler
 .text.HardFault_Handler
                0x0000000008000656        0x6 ./Core/Src/stm32f4xx_it.o
                0x0000000008000656                HardFault_Handler
 .text.MemManage_Handler
                0x000000000800065c        0x6 ./Core/Src/stm32f4xx_it.o
                0x000000000800065c                MemManage_Handler
 .text.BusFault_Handler
                0x0000000008000662        0x6 ./Core/Src/stm32f4xx_it.o
                0x0000000008000662                BusFault_Handler
 .text.UsageFault_Handler
                0x0000000008000668        0x6 ./Core/Src/stm32f4xx_it.o
                0x0000000008000668                UsageFault_Handler
 .text.SVC_Handler
                0x000000000800066e        0xe ./Core/Src/stm32f4xx_it.o
                0x000000000800066e                SVC_Handler
 .text.DebugMon_Handler
                0x000000000800067c        0xe ./Core/Src/stm32f4xx_it.o
                0x000000000800067c                DebugMon_Handler
 .text.PendSV_Handler
                0x000000000800068a        0xe ./Core/Src/stm32f4xx_it.o
                0x000000000800068a                PendSV_Handler
 .text.SysTick_Handler
                0x0000000008000698        0xc ./Core/Src/stm32f4xx_it.o
                0x0000000008000698                SysTick_Handler
 .text.SystemInit
                0x00000000080006a4       0x24 ./Core/Src/system_stm32f4xx.o
                0x00000000080006a4                SystemInit
 .text.Reset_Handler
                0x00000000080006c8       0x50 ./Core/Startup/startup_stm32f407vgtx.o
                0x00000000080006c8                Reset_Handler
 .text.Default_Handler
                0x0000000008000718        0x2 ./Core/Startup/startup_stm32f407vgtx.o
                0x0000000008000718                RTC_Alarm_IRQHandler
                0x0000000008000718                HASH_RNG_IRQHandler
                0x0000000008000718                EXTI2_IRQHandler
                0x0000000008000718                TIM8_CC_IRQHandler
                0x0000000008000718                TIM1_CC_IRQHandler
                0x0000000008000718                DMA2_Stream5_IRQHandler
                0x0000000008000718                DMA1_Stream5_IRQHandler
                0x0000000008000718                PVD_IRQHandler
                0x0000000008000718                SDIO_IRQHandler
                0x0000000008000718                TAMP_STAMP_IRQHandler
                0x0000000008000718                CAN2_RX1_IRQHandler
                0x0000000008000718                EXTI3_IRQHandler
                0x0000000008000718                TIM8_TRG_COM_TIM14_IRQHandler
                0x0000000008000718                TIM1_UP_TIM10_IRQHandler
                0x0000000008000718                TIM8_UP_TIM13_IRQHandler
                0x0000000008000718                I2C3_ER_IRQHandler
                0x0000000008000718                EXTI0_IRQHandler
                0x0000000008000718                I2C2_EV_IRQHandler
                0x0000000008000718                DMA1_Stream2_IRQHandler
                0x0000000008000718                CAN1_RX0_IRQHandler
                0x0000000008000718                FPU_IRQHandler
                0x0000000008000718                OTG_HS_WKUP_IRQHandler
                0x0000000008000718                CAN2_SCE_IRQHandler
                0x0000000008000718                DMA2_Stream2_IRQHandler
                0x0000000008000718                SPI1_IRQHandler
                0x0000000008000718                TIM6_DAC_IRQHandler
                0x0000000008000718                TIM1_BRK_TIM9_IRQHandler
                0x0000000008000718                DCMI_IRQHandler
                0x0000000008000718                CAN2_RX0_IRQHandler
                0x0000000008000718                DMA2_Stream3_IRQHandler
                0x0000000008000718                USART6_IRQHandler
                0x0000000008000718                USART3_IRQHandler
                0x0000000008000718                CAN1_RX1_IRQHandler
                0x0000000008000718                UART5_IRQHandler
                0x0000000008000718                DMA2_Stream0_IRQHandler
                0x0000000008000718                TIM4_IRQHandler
                0x0000000008000718                I2C1_EV_IRQHandler
                0x0000000008000718                DMA1_Stream6_IRQHandler
                0x0000000008000718                DMA1_Stream1_IRQHandler
                0x0000000008000718                UART4_IRQHandler
                0x0000000008000718                TIM3_IRQHandler
                0x0000000008000718                RCC_IRQHandler
                0x0000000008000718                TIM8_BRK_TIM12_IRQHandler
                0x0000000008000718                Default_Handler
                0x0000000008000718                EXTI15_10_IRQHandler
                0x0000000008000718                ADC_IRQHandler
                0x0000000008000718                DMA1_Stream7_IRQHandler
                0x0000000008000718                TIM7_IRQHandler
                0x0000000008000718                CAN2_TX_IRQHandler
                0x0000000008000718                TIM5_IRQHandler
                0x0000000008000718                DMA2_Stream7_IRQHandler
                0x0000000008000718                I2C3_EV_IRQHandler
                0x0000000008000718                EXTI9_5_IRQHandler
                0x0000000008000718                RTC_WKUP_IRQHandler
                0x0000000008000718                ETH_WKUP_IRQHandler
                0x0000000008000718                SPI2_IRQHandler
                0x0000000008000718                OTG_HS_EP1_IN_IRQHandler
                0x0000000008000718                DMA1_Stream0_IRQHandler
                0x0000000008000718                CAN1_TX_IRQHandler
                0x0000000008000718                EXTI4_IRQHandler
                0x0000000008000718                FSMC_IRQHandler
                0x0000000008000718                ETH_IRQHandler
                0x0000000008000718                OTG_HS_EP1_OUT_IRQHandler
                0x0000000008000718                WWDG_IRQHandler
                0x0000000008000718                TIM2_IRQHandler
                0x0000000008000718                OTG_FS_WKUP_IRQHandler
                0x0000000008000718                TIM1_TRG_COM_TIM11_IRQHandler
                0x0000000008000718                OTG_HS_IRQHandler
                0x0000000008000718                EXTI1_IRQHandler
                0x0000000008000718                USART2_IRQHandler
                0x0000000008000718                I2C2_ER_IRQHandler
                0x0000000008000718                DMA2_Stream1_IRQHandler
                0x0000000008000718                CAN1_SCE_IRQHandler
                0x0000000008000718                FLASH_IRQHandler
                0x0000000008000718                DMA2_Stream4_IRQHandler
                0x0000000008000718                USART1_IRQHandler
                0x0000000008000718                OTG_FS_IRQHandler
                0x0000000008000718                SPI3_IRQHandler
                0x0000000008000718                DMA1_Stream4_IRQHandler
                0x0000000008000718                I2C1_ER_IRQHandler
                0x0000000008000718                DMA2_Stream6_IRQHandler
                0x0000000008000718                DMA1_Stream3_IRQHandler
 *fill*         0x000000000800071a        0x2 
 .text.HAL_Init
                0x000000000800071c       0x44 ./Drivers/STM32F4xx_HAL_Driver/Src/stm32f4xx_hal.o
                0x000000000800071c                HAL_Init
 .text.HAL_InitTick
                0x0000000008000760       0x60 ./Drivers/STM32F4xx_HAL_Driver/Src/stm32f4xx_hal.o
                0x0000000008000760                HAL_InitTick
 .text.HAL_IncTick
                0x00000000080007c0       0x28 ./Drivers/STM32F4xx_HAL_Driver/Src/stm32f4xx_hal.o
                0x00000000080007c0                HAL_IncTick
 .text.HAL_GetTick
                0x00000000080007e8       0x18 ./Drivers/STM32F4xx_HAL_Driver/Src/stm32f4xx_hal.o
                0x00000000080007e8                HAL_GetTick
 .text.__NVIC_SetPriorityGrouping
                0x0000000008000800       0x48 ./Drivers/STM32F4xx_HAL_Driver/Src/stm32f4xx_hal_cortex.o
 .text.__NVIC_GetPriorityGrouping
                0x0000000008000848       0x1c ./Drivers/STM32F4xx_HAL_Driver/Src/stm32f4xx_hal_cortex.o
 .text.__NVIC_SetPriority
                0x0000000008000864       0x54 ./Drivers/STM32F4xx_HAL_Driver/Src/stm32f4xx_hal_cortex.o
 .text.NVIC_EncodePriority
                0x00000000080008b8       0x66 ./Drivers/STM32F4xx_HAL_Driver/Src/stm32f4xx_hal_cortex.o
 *fill*         0x000000000800091e        0x2 
 .text.SysTick_Config
                0x0000000008000920       0x44 ./Drivers/STM32F4xx_HAL_Driver/Src/stm32f4xx_hal_cortex.o
 .text.HAL_NVIC_SetPriorityGrouping
                0x0000000008000964       0x16 ./Drivers/STM32F4xx_HAL_Driver/Src/stm32f4xx_hal_cortex.o
                0x0000000008000964                HAL_NVIC_SetPriorityGrouping
 .text.HAL_NVIC_SetPriority
                0x000000000800097a       0x38 ./Drivers/STM32F4xx_HAL_Driver/Src/stm32f4xx_hal_cortex.o
                0x000000000800097a                HAL_NVIC_SetPriority
 .text.HAL_SYSTICK_Config
                0x00000000080009b2       0x18 ./Drivers/STM32F4xx_HAL_Driver/Src/stm32f4xx_hal_cortex.o
                0x00000000080009b2                HAL_SYSTICK_Config
 *fill*         0x00000000080009ca        0x2 
 .text.HAL_FLASH_Program
                0x00000000080009cc       0xa8 ./Drivers/STM32F4xx_HAL_Driver/Src/stm32f4xx_hal_flash.o
                0x00000000080009cc                HAL_FLASH_Program
 .text.HAL_FLASH_Unlock
                0x0000000008000a74       0x44 ./Drivers/STM32F4xx_HAL_Driver/Src/stm32f4xx_hal_flash.o
                0x0000000008000a74                HAL_FLASH_Unlock
 .text.HAL_FLASH_Lock
                0x0000000008000ab8       0x20 ./Drivers/STM32F4xx_HAL_Driver/Src/stm32f4xx_hal_flash.o
                0x0000000008000ab8                HAL_FLASH_Lock
 .text.FLASH_WaitForLastOperation
                0x0000000008000ad8       0x80 ./Drivers/STM32F4xx_HAL_Driver/Src/stm32f4xx_hal_flash.o
                0x0000000008000ad8                FLASH_WaitForLastOperation
 .text.FLASH_Program_DoubleWord
                0x0000000008000b58       0x64 ./Drivers/STM32F4xx_HAL_Driver/Src/stm32f4xx_hal_flash.o
 .text.FLASH_Program_Word
                0x0000000008000bbc       0x44 ./Drivers/STM32F4xx_HAL_Driver/Src/stm32f4xx_hal_flash.o
 .text.FLASH_Program_HalfWord
                0x0000000008000c00       0x48 ./Drivers/STM32F4xx_HAL_Driver/Src/stm32f4xx_hal_flash.o
 .text.FLASH_Program_Byte
                0x0000000008000c48       0x44 ./Drivers/STM32F4xx_HAL_Driver/Src/stm32f4xx_hal_flash.o
 .text.FLASH_SetErrorCode
                0x0000000008000c8c       0xac ./Drivers/STM32F4xx_HAL_Driver/Src/stm32f4xx_hal_flash.o
 .text.FLASH_Erase_Sector
                0x0000000008000d38       0x90 ./Drivers/STM32F4xx_HAL_Driver/Src/stm32f4xx_hal_flash_ex.o
                0x0000000008000d38                FLASH_Erase_Sector
 .text.HAL_RCC_OscConfig
                0x0000000008000dc8      0x4f0 ./Drivers/STM32F4xx_HAL_Driver/Src/stm32f4xx_hal_rcc.o
                0x0000000008000dc8                HAL_RCC_OscConfig
 .text.HAL_RCC_ClockConfig
                0x00000000080012b8      0x1cc ./Drivers/STM32F4xx_HAL_Driver/Src/stm32f4xx_hal_rcc.o
                0x00000000080012b8                HAL_RCC_ClockConfig
 .text.HAL_RCC_GetSysClockFreq
                0x0000000008001484      0x16c ./Drivers/STM32F4xx_HAL_Driver/Src/stm32f4xx_hal_rcc.o
                0x0000000008001484                HAL_RCC_GetSysClockFreq
 .text.__libc_init_array
                0x00000000080015f0       0x48 d:/stm32cubeide_1.6.1/stm32cubeide/plugins/com.st.stm32cube.ide.mcu.externaltools.gnu-tools-for-stm32.9-2020-q2-update.win32_2.0.0.202105311346/tools/bin/../lib/gcc/arm-none-eabi/9.3.1/../../../../arm-none-eabi/lib/thumb/v7e-m+fp/hard\libc_nano.a(lib_a-init.o)
                0x00000000080015f0                __libc_init_array
 .text.memset   0x0000000008001638       0x10 d:/stm32cubeide_1.6.1/stm32cubeide/plugins/com.st.stm32cube.ide.mcu.externaltools.gnu-tools-for-stm32.9-2020-q2-update.win32_2.0.0.202105311346/tools/bin/../lib/gcc/arm-none-eabi/9.3.1/../../../../arm-none-eabi/lib/thumb/v7e-m+fp/hard\libc_nano.a(lib_a-memset.o)
                0x0000000008001638                memset
 *(.glue_7)
 .glue_7        0x0000000008001648        0x0 linker stubs
 *(.glue_7t)
 .glue_7t       0x0000000008001648        0x0 linker stubs
 *(.eh_frame)
 .eh_frame      0x0000000008001648        0x0 d:/stm32cubeide_1.6.1/stm32cubeide/plugins/com.st.stm32cube.ide.mcu.externaltools.gnu-tools-for-stm32.9-2020-q2-update.win32_2.0.0.202105311346/tools/bin/../lib/gcc/arm-none-eabi/9.3.1/thumb/v7e-m+fp/hard/crtbegin.o
 *(.init)
 .init          0x0000000008001648        0x4 d:/stm32cubeide_1.6.1/stm32cubeide/plugins/com.st.stm32cube.ide.mcu.externaltools.gnu-tools-for-stm32.9-2020-q2-update.win32_2.0.0.202105311346/tools/bin/../lib/gcc/arm-none-eabi/9.3.1/thumb/v7e-m+fp/hard/crti.o
                0x0000000008001648                _init
 .init          0x000000000800164c        0x8 d:/stm32cubeide_1.6.1/stm32cubeide/plugins/com.st.stm32cube.ide.mcu.externaltools.gnu-tools-for-stm32.9-2020-q2-update.win32_2.0.0.202105311346/tools/bin/../lib/gcc/arm-none-eabi/9.3.1/thumb/v7e-m+fp/hard/crtn.o
 *(.fini)
 .fini          0x0000000008001654        0x4 d:/stm32cubeide_1.6.1/stm32cubeide/plugins/com.st.stm32cube.ide.mcu.externaltools.gnu-tools-for-stm32.9-2020-q2-update.win32_2.0.0.202105311346/tools/bin/../lib/gcc/arm-none-eabi/9.3.1/thumb/v7e-m+fp/hard/crti.o
                0x0000000008001654                _fini
 .fini          0x0000000008001658        0x8 d:/stm32cubeide_1.6.1/stm32cubeide/plugins/com.st.stm32cube.ide.mcu.externaltools.gnu-tools-for-stm32.9-2020-q2-update.win32_2.0.0.202105311346/tools/bin/../lib/gcc/arm-none-eabi/9.3.1/thumb/v7e-m+fp/hard/crtn.o
                0x0000000008001660                . = ALIGN (0x4)
                0x0000000008001660                _etext = .

.vfp11_veneer   0x0000000008001660        0x0
 .vfp11_veneer  0x0000000008001660        0x0 linker stubs

.v4_bx          0x0000000008001660        0x0
 .v4_bx         0x0000000008001660        0x0 linker stubs

.iplt           0x0000000008001660        0x0
 .iplt          0x0000000008001660        0x0 d:/stm32cubeide_1.6.1/stm32cubeide/plugins/com.st.stm32cube.ide.mcu.externaltools.gnu-tools-for-stm32.9-2020-q2-update.win32_2.0.0.202105311346/tools/bin/../lib/gcc/arm-none-eabi/9.3.1/thumb/v7e-m+fp/hard/crtbegin.o

.rodata         0x0000000008001660       0x10
                0x0000000008001660                . = ALIGN (0x4)
 *(.rodata)
 *(.rodata*)
 .rodata.AHBPrescTable
                0x0000000008001660       0x10 ./Core/Src/system_stm32f4xx.o
                0x0000000008001660                AHBPrescTable
                0x0000000008001670                . = ALIGN (0x4)

.ARM.extab      0x0000000008001670        0x0
                0x0000000008001670                . = ALIGN (0x4)
 *(.ARM.extab* .gnu.linkonce.armextab.*)
                0x0000000008001670                . = ALIGN (0x4)

.ARM            0x0000000008001670        0x8
                0x0000000008001670                . = ALIGN (0x4)
                0x0000000008001670                __exidx_start = .
 *(.ARM.exidx*)
 .ARM.exidx     0x0000000008001670        0x8 d:/stm32cubeide_1.6.1/stm32cubeide/plugins/com.st.stm32cube.ide.mcu.externaltools.gnu-tools-for-stm32.9-2020-q2-update.win32_2.0.0.202105311346/tools/bin/../lib/gcc/arm-none-eabi/9.3.1/thumb/v7e-m+fp/hard\libgcc.a(_udivmoddi4.o)
                0x0000000008001678                __exidx_end = .
                0x0000000008001678                . = ALIGN (0x4)

.rel.dyn        0x0000000008001678        0x0
 .rel.iplt      0x0000000008001678        0x0 d:/stm32cubeide_1.6.1/stm32cubeide/plugins/com.st.stm32cube.ide.mcu.externaltools.gnu-tools-for-stm32.9-2020-q2-update.win32_2.0.0.202105311346/tools/bin/../lib/gcc/arm-none-eabi/9.3.1/thumb/v7e-m+fp/hard/crtbegin.o

.preinit_array  0x0000000008001678        0x0
                0x0000000008001678                . = ALIGN (0x4)
                0x0000000008001678                PROVIDE (__preinit_array_start = .)
 *(.preinit_array*)
                0x0000000008001678                PROVIDE (__preinit_array_end = .)
                0x0000000008001678                . = ALIGN (0x4)

.init_array     0x0000000008001678        0x4
                0x0000000008001678                . = ALIGN (0x4)
                0x0000000008001678                PROVIDE (__init_array_start = .)
 *(SORT_BY_NAME(.init_array.*))
 *(.init_array*)
 .init_array    0x0000000008001678        0x4 d:/stm32cubeide_1.6.1/stm32cubeide/plugins/com.st.stm32cube.ide.mcu.externaltools.gnu-tools-for-stm32.9-2020-q2-update.win32_2.0.0.202105311346/tools/bin/../lib/gcc/arm-none-eabi/9.3.1/thumb/v7e-m+fp/hard/crtbegin.o
                0x000000000800167c                PROVIDE (__init_array_end = .)
                0x000000000800167c                . = ALIGN (0x4)

.fini_array     0x000000000800167c        0x4
                0x000000000800167c                . = ALIGN (0x4)
                [!provide]                        PROVIDE (__fini_array_start = .)
 *(SORT_BY_NAME(.fini_array.*))
 *(.fini_array*)
 .fini_array    0x000000000800167c        0x4 d:/stm32cubeide_1.6.1/stm32cubeide/plugins/com.st.stm32cube.ide.mcu.externaltools.gnu-tools-for-stm32.9-2020-q2-update.win32_2.0.0.202105311346/tools/bin/../lib/gcc/arm-none-eabi/9.3.1/thumb/v7e-m+fp/hard/crtbegin.o
                [!provide]                        PROVIDE (__fini_array_end = .)
                0x0000000008001680                . = ALIGN (0x4)
                0x0000000008001680                _sidata = LOADADDR (.data)

.data           0x0000000020000000        0xc load address 0x0000000008001680
                0x0000000020000000                . = ALIGN (0x4)
                0x0000000020000000                _sdata = .
 *(.data)
 *(.data*)
 .data.SystemCoreClock
                0x0000000020000000        0x4 ./Core/Src/system_stm32f4xx.o
                0x0000000020000000                SystemCoreClock
 .data.uwTickPrio
                0x0000000020000004        0x4 ./Drivers/STM32F4xx_HAL_Driver/Src/stm32f4xx_hal.o
                0x0000000020000004                uwTickPrio
 .data.uwTickFreq
                0x0000000020000008        0x1 ./Drivers/STM32F4xx_HAL_Driver/Src/stm32f4xx_hal.o
                0x0000000020000008                uwTickFreq
 *(.RamFunc)
 *(.RamFunc*)
                0x000000002000000c                . = ALIGN (0x4)
 *fill*         0x0000000020000009        0x3 
                0x000000002000000c                _edata = .
                0x000000000800168c                _siccmram = LOADADDR (.ccmram)

.igot.plt       0x000000002000000c        0x0 load address 0x000000000800168c
 .igot.plt      0x000000002000000c        0x0 d:/stm32cubeide_1.6.1/stm32cubeide/plugins/com.st.stm32cube.ide.mcu.externaltools.gnu-tools-for-stm32.9-2020-q2-update.win32_2.0.0.202105311346/tools/bin/../lib/gcc/arm-none-eabi/9.3.1/thumb/v7e-m+fp/hard/crtbegin.o

.ccmram         0x0000000010000000        0x0 load address 0x000000000800168c
                0x0000000010000000                . = ALIGN (0x4)
                0x0000000010000000                _sccmram = .
 *(.ccmram)
 *(.ccmram*)
                0x0000000010000000                . = ALIGN (0x4)
                0x0000000010000000                _eccmram = .
                0x0000000010000000                . = ALIGN (0x4)

.bss            0x000000002000000c       0x44
                0x000000002000000c                _sbss = .
                0x000000002000000c                __bss_start__ = _sbss
 *(.bss)
 .bss           0x000000002000000c       0x1c d:/stm32cubeide_1.6.1/stm32cubeide/plugins/com.st.stm32cube.ide.mcu.externaltools.gnu-tools-for-stm32.9-2020-q2-update.win32_2.0.0.202105311346/tools/bin/../lib/gcc/arm-none-eabi/9.3.1/thumb/v7e-m+fp/hard/crtbegin.o
 *(.bss*)
 *(COMMON)
 COMMON         0x0000000020000028        0x4 ./Core/Src/main.o
                0x0000000020000028                data
 COMMON         0x000000002000002c        0x4 ./Drivers/STM32F4xx_HAL_Driver/Src/stm32f4xx_hal.o
                0x000000002000002c                uwTick
 COMMON         0x0000000020000030       0x20 ./Drivers/STM32F4xx_HAL_Driver/Src/stm32f4xx_hal_flash.o
                0x0000000020000030                pFlash
                0x0000000020000050                . = ALIGN (0x4)
                0x0000000020000050                _ebss = .
                0x0000000020000050                __bss_end__ = _ebss

._user_heap_stack
                0x0000000020000050      0x600
                0x0000000020000050                . = ALIGN (0x8)
                [!provide]                        PROVIDE (end = .)
                0x0000000020000050                PROVIDE (_end = .)
                0x0000000020000250                . = (. + _Min_Heap_Size)
 *fill*         0x0000000020000050      0x200 
                0x0000000020000650                . = (. + _Min_Stack_Size)
 *fill*         0x0000000020000250      0x400 
                0x0000000020000650                . = ALIGN (0x8)

/DISCARD/
 libc.a(*)
 libm.a(*)
 libgcc.a(*)

.ARM.attributes
                0x0000000000000000       0x30
 *(.ARM.attributes)
 .ARM.attributes
                0x0000000000000000       0x1e d:/stm32cubeide_1.6.1/stm32cubeide/plugins/com.st.stm32cube.ide.mcu.externaltools.gnu-tools-for-stm32.9-2020-q2-update.win32_2.0.0.202105311346/tools/bin/../lib/gcc/arm-none-eabi/9.3.1/thumb/v7e-m+fp/hard/crti.o
 .ARM.attributes
                0x000000000000001e       0x34 d:/stm32cubeide_1.6.1/stm32cubeide/plugins/com.st.stm32cube.ide.mcu.externaltools.gnu-tools-for-stm32.9-2020-q2-update.win32_2.0.0.202105311346/tools/bin/../lib/gcc/arm-none-eabi/9.3.1/thumb/v7e-m+fp/hard/crtbegin.o
 .ARM.attributes
                0x0000000000000052       0x34 ./Core/Src/main.o
 .ARM.attributes
                0x0000000000000086       0x34 ./Core/Src/stm32f4xx_hal_msp.o
 .ARM.attributes
                0x00000000000000ba       0x34 ./Core/Src/stm32f4xx_it.o
 .ARM.attributes
                0x00000000000000ee       0x34 ./Core/Src/system_stm32f4xx.o
 .ARM.attributes
                0x0000000000000122       0x21 ./Core/Startup/startup_stm32f407vgtx.o
 .ARM.attributes
                0x0000000000000143       0x34 ./Drivers/STM32F4xx_HAL_Driver/Src/stm32f4xx_hal.o
 .ARM.attributes
                0x0000000000000177       0x34 ./Drivers/STM32F4xx_HAL_Driver/Src/stm32f4xx_hal_cortex.o
 .ARM.attributes
                0x00000000000001ab       0x34 ./Drivers/STM32F4xx_HAL_Driver/Src/stm32f4xx_hal_flash.o
 .ARM.attributes
                0x00000000000001df       0x34 ./Drivers/STM32F4xx_HAL_Driver/Src/stm32f4xx_hal_flash_ex.o
 .ARM.attributes
                0x0000000000000213       0x34 ./Drivers/STM32F4xx_HAL_Driver/Src/stm32f4xx_hal_rcc.o
 .ARM.attributes
                0x0000000000000247       0x34 d:/stm32cubeide_1.6.1/stm32cubeide/plugins/com.st.stm32cube.ide.mcu.externaltools.gnu-tools-for-stm32.9-2020-q2-update.win32_2.0.0.202105311346/tools/bin/../lib/gcc/arm-none-eabi/9.3.1/../../../../arm-none-eabi/lib/thumb/v7e-m+fp/hard\libc_nano.a(lib_a-init.o)
 .ARM.attributes
                0x000000000000027b       0x34 d:/stm32cubeide_1.6.1/stm32cubeide/plugins/com.st.stm32cube.ide.mcu.externaltools.gnu-tools-for-stm32.9-2020-q2-update.win32_2.0.0.202105311346/tools/bin/../lib/gcc/arm-none-eabi/9.3.1/../../../../arm-none-eabi/lib/thumb/v7e-m+fp/hard\libc_nano.a(lib_a-memset.o)
 .ARM.attributes
                0x00000000000002af       0x1e d:/stm32cubeide_1.6.1/stm32cubeide/plugins/com.st.stm32cube.ide.mcu.externaltools.gnu-tools-for-stm32.9-2020-q2-update.win32_2.0.0.202105311346/tools/bin/../lib/gcc/arm-none-eabi/9.3.1/thumb/v7e-m+fp/hard\libgcc.a(_aeabi_uldivmod.o)
 .ARM.attributes
                0x00000000000002cd       0x34 d:/stm32cubeide_1.6.1/stm32cubeide/plugins/com.st.stm32cube.ide.mcu.externaltools.gnu-tools-for-stm32.9-2020-q2-update.win32_2.0.0.202105311346/tools/bin/../lib/gcc/arm-none-eabi/9.3.1/thumb/v7e-m+fp/hard\libgcc.a(_udivmoddi4.o)
 .ARM.attributes
                0x0000000000000301       0x1e d:/stm32cubeide_1.6.1/stm32cubeide/plugins/com.st.stm32cube.ide.mcu.externaltools.gnu-tools-for-stm32.9-2020-q2-update.win32_2.0.0.202105311346/tools/bin/../lib/gcc/arm-none-eabi/9.3.1/thumb/v7e-m+fp/hard\libgcc.a(_dvmd_tls.o)
 .ARM.attributes
                0x000000000000031f       0x1e d:/stm32cubeide_1.6.1/stm32cubeide/plugins/com.st.stm32cube.ide.mcu.externaltools.gnu-tools-for-stm32.9-2020-q2-update.win32_2.0.0.202105311346/tools/bin/../lib/gcc/arm-none-eabi/9.3.1/thumb/v7e-m+fp/hard/crtn.o
OUTPUT(FLASH_MEMORY.elf elf32-littlearm)
LOAD linker stubs
LOAD d:/stm32cubeide_1.6.1/stm32cubeide/plugins/com.st.stm32cube.ide.mcu.externaltools.gnu-tools-for-stm32.9-2020-q2-update.win32_2.0.0.202105311346/tools/bin/../lib/gcc/arm-none-eabi/9.3.1/../../../../arm-none-eabi/lib/thumb/v7e-m+fp/hard\libc.a
LOAD d:/stm32cubeide_1.6.1/stm32cubeide/plugins/com.st.stm32cube.ide.mcu.externaltools.gnu-tools-for-stm32.9-2020-q2-update.win32_2.0.0.202105311346/tools/bin/../lib/gcc/arm-none-eabi/9.3.1/../../../../arm-none-eabi/lib/thumb/v7e-m+fp/hard\libm.a
LOAD d:/stm32cubeide_1.6.1/stm32cubeide/plugins/com.st.stm32cube.ide.mcu.externaltools.gnu-tools-for-stm32.9-2020-q2-update.win32_2.0.0.202105311346/tools/bin/../lib/gcc/arm-none-eabi/9.3.1/thumb/v7e-m+fp/hard\libgcc.a

.debug_info     0x0000000000000000     0x41a3
 .debug_info    0x0000000000000000      0x605 ./Core/Src/main.o
 .debug_info    0x0000000000000605      0x394 ./Core/Src/stm32f4xx_hal_msp.o
 .debug_info    0x0000000000000999      0x222 ./Core/Src/stm32f4xx_it.o
 .debug_info    0x0000000000000bbb      0x5a4 ./Core/Src/system_stm32f4xx.o
 .debug_info    0x000000000000115f       0x22 ./Core/Startup/startup_stm32f407vgtx.o
 .debug_info    0x0000000000001181      0x9b2 ./Drivers/STM32F4xx_HAL_Driver/Src/stm32f4xx_hal.o
 .debug_info    0x0000000000001b33      0xed7 ./Drivers/STM32F4xx_HAL_Driver/Src/stm32f4xx_hal_cortex.o
 .debug_info    0x0000000000002a0a      0x679 ./Drivers/STM32F4xx_HAL_Driver/Src/stm32f4xx_hal_flash.o
 .debug_info    0x0000000000003083      0x78a ./Drivers/STM32F4xx_HAL_Driver/Src/stm32f4xx_hal_flash_ex.o
 .debug_info    0x000000000000380d      0x996 ./Drivers/STM32F4xx_HAL_Driver/Src/stm32f4xx_hal_rcc.o

.debug_abbrev   0x0000000000000000     0x119a
 .debug_abbrev  0x0000000000000000      0x1ec ./Core/Src/main.o
 .debug_abbrev  0x00000000000001ec      0x11d ./Core/Src/stm32f4xx_hal_msp.o
 .debug_abbrev  0x0000000000000309       0xd2 ./Core/Src/stm32f4xx_it.o
 .debug_abbrev  0x00000000000003db      0x145 ./Core/Src/system_stm32f4xx.o
 .debug_abbrev  0x0000000000000520       0x12 ./Core/Startup/startup_stm32f407vgtx.o
 .debug_abbrev  0x0000000000000532      0x1ed ./Drivers/STM32F4xx_HAL_Driver/Src/stm32f4xx_hal.o
 .debug_abbrev  0x000000000000071f      0x33c ./Drivers/STM32F4xx_HAL_Driver/Src/stm32f4xx_hal_cortex.o
 .debug_abbrev  0x0000000000000a5b      0x27c ./Drivers/STM32F4xx_HAL_Driver/Src/stm32f4xx_hal_flash.o
 .debug_abbrev  0x0000000000000cd7      0x24e ./Drivers/STM32F4xx_HAL_Driver/Src/stm32f4xx_hal_flash_ex.o
 .debug_abbrev  0x0000000000000f25      0x275 ./Drivers/STM32F4xx_HAL_Driver/Src/stm32f4xx_hal_rcc.o

.debug_aranges  0x0000000000000000      0x4d8
 .debug_aranges
                0x0000000000000000       0x40 ./Core/Src/main.o
 .debug_aranges
                0x0000000000000040       0x20 ./Core/Src/stm32f4xx_hal_msp.o
 .debug_aranges
                0x0000000000000060       0x60 ./Core/Src/stm32f4xx_it.o
 .debug_aranges
                0x00000000000000c0       0x28 ./Core/Src/system_stm32f4xx.o
 .debug_aranges
                0x00000000000000e8       0x28 ./Core/Startup/startup_stm32f407vgtx.o
 .debug_aranges
                0x0000000000000110       0xf0 ./Drivers/STM32F4xx_HAL_Driver/Src/stm32f4xx_hal.o
 .debug_aranges
                0x0000000000000200      0x118 ./Drivers/STM32F4xx_HAL_Driver/Src/stm32f4xx_hal_cortex.o
 .debug_aranges
                0x0000000000000318       0xa0 ./Drivers/STM32F4xx_HAL_Driver/Src/stm32f4xx_hal_flash.o
 .debug_aranges
                0x00000000000003b8       0x98 ./Drivers/STM32F4xx_HAL_Driver/Src/stm32f4xx_hal_flash_ex.o
 .debug_aranges
                0x0000000000000450       0x88 ./Drivers/STM32F4xx_HAL_Driver/Src/stm32f4xx_hal_rcc.o

.debug_ranges   0x0000000000000000      0x440
 .debug_ranges  0x0000000000000000       0x30 ./Core/Src/main.o
 .debug_ranges  0x0000000000000030       0x10 ./Core/Src/stm32f4xx_hal_msp.o
 .debug_ranges  0x0000000000000040       0x50 ./Core/Src/stm32f4xx_it.o
 .debug_ranges  0x0000000000000090       0x18 ./Core/Src/system_stm32f4xx.o
 .debug_ranges  0x00000000000000a8       0x20 ./Core/Startup/startup_stm32f407vgtx.o
 .debug_ranges  0x00000000000000c8       0xe0 ./Drivers/STM32F4xx_HAL_Driver/Src/stm32f4xx_hal.o
 .debug_ranges  0x00000000000001a8      0x108 ./Drivers/STM32F4xx_HAL_Driver/Src/stm32f4xx_hal_cortex.o
 .debug_ranges  0x00000000000002b0       0x90 ./Drivers/STM32F4xx_HAL_Driver/Src/stm32f4xx_hal_flash.o
 .debug_ranges  0x0000000000000340       0x88 ./Drivers/STM32F4xx_HAL_Driver/Src/stm32f4xx_hal_flash_ex.o
 .debug_ranges  0x00000000000003c8       0x78 ./Drivers/STM32F4xx_HAL_Driver/Src/stm32f4xx_hal_rcc.o

.debug_macro    0x0000000000000000    0x1eee5
 .debug_macro   0x0000000000000000      0x1ba ./Core/Src/main.o
 .debug_macro   0x00000000000001ba      0xaa8 ./Core/Src/main.o
 .debug_macro   0x0000000000000c62      0x28f ./Core/Src/main.o
 .debug_macro   0x0000000000000ef1       0x2e ./Core/Src/main.o
 .debug_macro   0x0000000000000f1f       0x2f ./Core/Src/main.o
 .debug_macro   0x0000000000000f4e       0x22 ./Core/Src/main.o
 .debug_macro   0x0000000000000f70       0x8e ./Core/Src/main.o
 .debug_macro   0x0000000000000ffe       0x51 ./Core/Src/main.o
 .debug_macro   0x000000000000104f      0x103 ./Core/Src/main.o
 .debug_macro   0x0000000000001152       0x6a ./Core/Src/main.o
 .debug_macro   0x00000000000011bc      0x1df ./Core/Src/main.o
 .debug_macro   0x000000000000139b       0x1c ./Core/Src/main.o
 .debug_macro   0x00000000000013b7       0x22 ./Core/Src/main.o
 .debug_macro   0x00000000000013d9       0xdf ./Core/Src/main.o
 .debug_macro   0x00000000000014b8     0x102d ./Core/Src/main.o
 .debug_macro   0x00000000000024e5      0x11f ./Core/Src/main.o
 .debug_macro   0x0000000000002604    0x15e58 ./Core/Src/main.o
 .debug_macro   0x000000000001845c       0x6d ./Core/Src/main.o
 .debug_macro   0x00000000000184c9     0x3666 ./Core/Src/main.o
 .debug_macro   0x000000000001bb2f      0x174 ./Core/Src/main.o
 .debug_macro   0x000000000001bca3       0x5c ./Core/Src/main.o
 .debug_macro   0x000000000001bcff      0x96b ./Core/Src/main.o
 .debug_macro   0x000000000001c66a      0x9fe ./Core/Src/main.o
 .debug_macro   0x000000000001d068      0x116 ./Core/Src/main.o
 .debug_macro   0x000000000001d17e      0x13e ./Core/Src/main.o
 .debug_macro   0x000000000001d2bc       0xa5 ./Core/Src/main.o
 .debug_macro   0x000000000001d361      0x174 ./Core/Src/main.o
 .debug_macro   0x000000000001d4d5      0x287 ./Core/Src/main.o
 .debug_macro   0x000000000001d75c       0x5f ./Core/Src/main.o
 .debug_macro   0x000000000001d7bb      0x236 ./Core/Src/main.o
 .debug_macro   0x000000000001d9f1      0x12c ./Core/Src/main.o
 .debug_macro   0x000000000001db1d      0x21e ./Core/Src/main.o
 .debug_macro   0x000000000001dd3b       0x2e ./Core/Src/main.o
 .debug_macro   0x000000000001dd69      0x11a ./Core/Src/main.o
 .debug_macro   0x000000000001de83       0x7e ./Core/Src/main.o
 .debug_macro   0x000000000001df01       0x89 ./Core/Src/main.o
 .debug_macro   0x000000000001df8a      0x12d ./Core/Src/main.o
 .debug_macro   0x000000000001e0b7      0x1ba ./Core/Src/stm32f4xx_hal_msp.o
 .debug_macro   0x000000000001e271      0x1c4 ./Core/Src/stm32f4xx_it.o
 .debug_macro   0x000000000001e435      0x1b0 ./Core/Src/system_stm32f4xx.o
 .debug_macro   0x000000000001e5e5      0x210 ./Drivers/STM32F4xx_HAL_Driver/Src/stm32f4xx_hal.o
 .debug_macro   0x000000000001e7f5      0x1b0 ./Drivers/STM32F4xx_HAL_Driver/Src/stm32f4xx_hal_cortex.o
 .debug_macro   0x000000000001e9a5      0x1b6 ./Drivers/STM32F4xx_HAL_Driver/Src/stm32f4xx_hal_flash.o
 .debug_macro   0x000000000001eb5b      0x1b6 ./Drivers/STM32F4xx_HAL_Driver/Src/stm32f4xx_hal_flash_ex.o
 .debug_macro   0x000000000001ed11      0x1d4 ./Drivers/STM32F4xx_HAL_Driver/Src/stm32f4xx_hal_rcc.o

.debug_line     0x0000000000000000     0x5255
 .debug_line    0x0000000000000000      0x719 ./Core/Src/main.o
 .debug_line    0x0000000000000719      0x671 ./Core/Src/stm32f4xx_hal_msp.o
 .debug_line    0x0000000000000d8a      0x734 ./Core/Src/stm32f4xx_it.o
 .debug_line    0x00000000000014be      0x6f3 ./Core/Src/system_stm32f4xx.o
 .debug_line    0x0000000000001bb1       0x88 ./Core/Startup/startup_stm32f407vgtx.o
 .debug_line    0x0000000000001c39      0x959 ./Drivers/STM32F4xx_HAL_Driver/Src/stm32f4xx_hal.o
 .debug_line    0x0000000000002592      0xc08 ./Drivers/STM32F4xx_HAL_Driver/Src/stm32f4xx_hal_cortex.o
 .debug_line    0x000000000000319a      0x9e1 ./Drivers/STM32F4xx_HAL_Driver/Src/stm32f4xx_hal_flash.o
 .debug_line    0x0000000000003b7b      0xa07 ./Drivers/STM32F4xx_HAL_Driver/Src/stm32f4xx_hal_flash_ex.o
 .debug_line    0x0000000000004582      0xcd3 ./Drivers/STM32F4xx_HAL_Driver/Src/stm32f4xx_hal_rcc.o

.debug_str      0x0000000000000000    0xbc0ef
 .debug_str     0x0000000000000000    0xba922 ./Core/Src/main.o
                                      0xbab9c (size before relaxing)
 .debug_str     0x00000000000ba922       0x2c ./Core/Src/stm32f4xx_hal_msp.o
                                      0xba9fd (size before relaxing)
 .debug_str     0x00000000000ba94e       0xbd ./Core/Src/stm32f4xx_it.o
                                      0xba98b (size before relaxing)
 .debug_str     0x00000000000baa0b       0xaf ./Core/Src/system_stm32f4xx.o
                                      0xbaa6f (size before relaxing)
 .debug_str     0x00000000000baaba       0x36 ./Core/Startup/startup_stm32f407vgtx.o
                                         0x5a (size before relaxing)
 .debug_str     0x00000000000baaf0      0xa5e ./Drivers/STM32F4xx_HAL_Driver/Src/stm32f4xx_hal.o
                                      0xbb551 (size before relaxing)
 .debug_str     0x00000000000bb54e      0x3aa ./Drivers/STM32F4xx_HAL_Driver/Src/stm32f4xx_hal_cortex.o
                                      0xbb340 (size before relaxing)
 .debug_str     0x00000000000bb8f8      0x2e4 ./Drivers/STM32F4xx_HAL_Driver/Src/stm32f4xx_hal_flash.o
                                      0xbac5a (size before relaxing)
 .debug_str     0x00000000000bbbdc      0x25d ./Drivers/STM32F4xx_HAL_Driver/Src/stm32f4xx_hal_flash_ex.o
                                      0xbacc0 (size before relaxing)
 .debug_str     0x00000000000bbe39      0x2b6 ./Drivers/STM32F4xx_HAL_Driver/Src/stm32f4xx_hal_rcc.o
                                      0xbae71 (size before relaxing)

.comment        0x0000000000000000       0x53
 .comment       0x0000000000000000       0x53 ./Core/Src/main.o
                                         0x54 (size before relaxing)
 .comment       0x0000000000000053       0x54 ./Core/Src/stm32f4xx_hal_msp.o
 .comment       0x0000000000000053       0x54 ./Core/Src/stm32f4xx_it.o
 .comment       0x0000000000000053       0x54 ./Core/Src/system_stm32f4xx.o
 .comment       0x0000000000000053       0x54 ./Drivers/STM32F4xx_HAL_Driver/Src/stm32f4xx_hal.o
 .comment       0x0000000000000053       0x54 ./Drivers/STM32F4xx_HAL_Driver/Src/stm32f4xx_hal_cortex.o
 .comment       0x0000000000000053       0x54 ./Drivers/STM32F4xx_HAL_Driver/Src/stm32f4xx_hal_flash.o
 .comment       0x0000000000000053       0x54 ./Drivers/STM32F4xx_HAL_Driver/Src/stm32f4xx_hal_flash_ex.o
 .comment       0x0000000000000053       0x54 ./Drivers/STM32F4xx_HAL_Driver/Src/stm32f4xx_hal_rcc.o

.debug_frame    0x0000000000000000     0x11b0
 .debug_frame   0x0000000000000000       0xb4 ./Core/Src/main.o
 .debug_frame   0x00000000000000b4       0x38 ./Core/Src/stm32f4xx_hal_msp.o
 .debug_frame   0x00000000000000ec      0x104 ./Core/Src/stm32f4xx_it.o
 .debug_frame   0x00000000000001f0       0x58 ./Core/Src/system_stm32f4xx.o
 .debug_frame   0x0000000000000248      0x374 ./Drivers/STM32F4xx_HAL_Driver/Src/stm32f4xx_hal.o
 .debug_frame   0x00000000000005bc      0x498 ./Drivers/STM32F4xx_HAL_Driver/Src/stm32f4xx_hal_cortex.o
 .debug_frame   0x0000000000000a54      0x274 ./Drivers/STM32F4xx_HAL_Driver/Src/stm32f4xx_hal_flash.o
 .debug_frame   0x0000000000000cc8      0x250 ./Drivers/STM32F4xx_HAL_Driver/Src/stm32f4xx_hal_flash_ex.o
 .debug_frame   0x0000000000000f18      0x1ec ./Drivers/STM32F4xx_HAL_Driver/Src/stm32f4xx_hal_rcc.o
 .debug_frame   0x0000000000001104       0x2c d:/stm32cubeide_1.6.1/stm32cubeide/plugins/com.st.stm32cube.ide.mcu.externaltools.gnu-tools-for-stm32.9-2020-q2-update.win32_2.0.0.202105311346/tools/bin/../lib/gcc/arm-none-eabi/9.3.1/../../../../arm-none-eabi/lib/thumb/v7e-m+fp/hard\libc_nano.a(lib_a-init.o)
 .debug_frame   0x0000000000001130       0x20 d:/stm32cubeide_1.6.1/stm32cubeide/plugins/com.st.stm32cube.ide.mcu.externaltools.gnu-tools-for-stm32.9-2020-q2-update.win32_2.0.0.202105311346/tools/bin/../lib/gcc/arm-none-eabi/9.3.1/../../../../arm-none-eabi/lib/thumb/v7e-m+fp/hard\libc_nano.a(lib_a-memset.o)
 .debug_frame   0x0000000000001150       0x2c d:/stm32cubeide_1.6.1/stm32cubeide/plugins/com.st.stm32cube.ide.mcu.externaltools.gnu-tools-for-stm32.9-2020-q2-update.win32_2.0.0.202105311346/tools/bin/../lib/gcc/arm-none-eabi/9.3.1/thumb/v7e-m+fp/hard\libgcc.a(_aeabi_uldivmod.o)
 .debug_frame   0x000000000000117c       0x34 d:/stm32cubeide_1.6.1/stm32cubeide/plugins/com.st.stm32cube.ide.mcu.externaltools.gnu-tools-for-stm32.9-2020-q2-update.win32_2.0.0.202105311346/tools/bin/../lib/gcc/arm-none-eabi/9.3.1/thumb/v7e-m+fp/hard\libgcc.a(_udivmoddi4.o)
